// Jest Snapshot v1, https://goo.gl/fbAQLP

exports[`Button has default styles 1`] = `
.c0 {
  padding: 8px;
  background-color: transparent;
  border: 1px solid var(--secondary-bg-color);
}

.c0:hover {
  cursor: pointer;
}

<button
  class="c0"
/>
`;
